====================================================================
  BIU Lost & Found Survey — Playwright Submitter
  Target: 200 responses
  Delay:  5-10s
====================================================================
[  1/200] OK   (success=1, fail=0)
[  2/200] OK   (success=2, fail=0)
[  3/200] OK   (success=3, fail=0)
[  4/200] OK   (success=4, fail=0)
[  5/200] OK   (success=5, fail=0)
[  6/200] OK   (success=6, fail=0)
[  7/200] OK   (success=7, fail=0)
[  8/200] OK   (success=8, fail=0)
[  9/200] OK   (success=9, fail=0)
[ 10/200] OK   (success=10, fail=0)
[ 11/200] OK   (success=11, fail=0)
[ 12/200] OK   (success=12, fail=0)
[ 13/200] OK   (success=13, fail=0)
[ 14/200] OK   (success=14, fail=0)
[ 15/200] OK   (success=15, fail=0)
[ 16/200] OK   (success=16, fail=0)
[ 17/200] OK   (success=17, fail=0)
[ 18/200] OK   (success=18, fail=0)
[ 19/200] OK   (success=19, fail=0)
[ 20/200] OK   (success=20, fail=0)
[ 21/200] OK   (success=21, fail=0)
[ 22/200] OK   (success=22, fail=0)
[ 23/200] OK   (success=23, fail=0)
[ 24/200] OK   (success=24, fail=0)
[ 25/200] OK   (success=25, fail=0)
[ 26/200] OK   (success=26, fail=0)
[ 27/200] OK   (success=27, fail=0)
[ 28/200] OK   (success=28, fail=0)
[ 29/200] OK   (success=29, fail=0)
[ 30/200] OK   (success=30, fail=0)
[ 31/200] OK   (success=31, fail=0)
[ 32/200] OK   (success=32, fail=0)
[ 33/200] OK   (success=33, fail=0)
[ 34/200] OK   (success=34, fail=0)
[ 35/200] OK   (success=35, fail=0)
[ 36/200] OK   (success=36, fail=0)
[ 37/200] OK   (success=37, fail=0)
[ 38/200] OK   (success=38, fail=0)
[ 39/200] OK   (success=39, fail=0)
[ 40/200] OK   (success=40, fail=0)
[ 41/200] OK   (success=41, fail=0)
[ 42/200] OK   (success=42, fail=0)
[ 43/200] OK   (success=43, fail=0)
[ 44/200] OK   (success=44, fail=0)
[ 45/200] OK   (success=45, fail=0)
[ 46/200] OK   (success=46, fail=0)
[ 47/200] OK   (success=47, fail=0)
[ 48/200] OK   (success=48, fail=0)
[ 49/200] OK   (success=49, fail=0)
[ 50/200] OK   (success=50, fail=0)
[ 51/200] OK   (success=51, fail=0)
[ 52/200] OK   (success=52, fail=0)
[ 53/200] OK   (success=53, fail=0)
[ 54/200] OK   (success=54, fail=0)
[ 55/200] OK   (success=55, fail=0)
[ 56/200] OK   (success=56, fail=0)
[ 57/200] OK   (success=57, fail=0)
[ 58/200] OK   (success=58, fail=0)
[ 59/200] OK   (success=59, fail=0)
[ 60/200] OK   (success=60, fail=0)
[ 61/200] OK   (success=61, fail=0)
[ 62/200] OK   (success=62, fail=0)
[ 63/200] OK   (success=63, fail=0)
[ 64/200] OK   (success=64, fail=0)
[ 65/200] OK   (success=65, fail=0)
[ 66/200] OK   (success=66, fail=0)
[ 67/200] OK   (success=67, fail=0)
[ 68/200] OK   (success=68, fail=0)
[ 69/200] OK   (success=69, fail=0)
[ 70/200] OK   (success=70, fail=0)
[ 71/200] OK   (success=71, fail=0)
[ 72/200] OK   (success=72, fail=0)
[ 73/200] OK   (success=73, fail=0)
[ 74/200] OK   (success=74, fail=0)
[ 75/200] OK   (success=75, fail=0)
[ 76/200] OK   (success=76, fail=0)
[ 77/200] OK   (success=77, fail=0)
[ 78/200] OK   (success=78, fail=0)
[ 79/200] OK   (success=79, fail=0)
[ 80/200] OK   (success=80, fail=0)
[ 81/200] OK   (success=81, fail=0)
[ 82/200] OK   (success=82, fail=0)
[ 83/200] OK   (success=83, fail=0)
[ 84/200] OK   (success=84, fail=0)
[ 85/200] OK   (success=85, fail=0)
[ 86/200] OK   (success=86, fail=0)
[ 87/200] OK   (success=87, fail=0)
[ 88/200] OK   (success=88, fail=0)
[ 89/200] OK   (success=89, fail=0)
[ 90/200] OK   (success=90, fail=0)
[ 91/200] OK   (success=91, fail=0)
[ 92/200] OK   (success=92, fail=0)
[ 93/200] OK   (success=93, fail=0)
[ 94/200] OK   (success=94, fail=0)
[ 95/200] OK   (success=95, fail=0)
[ 96/200] OK   (success=96, fail=0)
[ 97/200] OK   (success=97, fail=0)
[ 98/200] OK   (success=98, fail=0)
[ 99/200] OK   (success=99, fail=0)
[100/200] OK   (success=100, fail=0)
[101/200] OK   (success=101, fail=0)
[102/200] OK   (success=102, fail=0)
[103/200] OK   (success=103, fail=0)
[104/200] OK   (success=104, fail=0)
[105/200] OK   (success=105, fail=0)
[106/200] OK   (success=106, fail=0)
[107/200] FAIL (success=106, fail=1)
[108/200] OK   (success=107, fail=1)
[109/200] OK   (success=108, fail=1)
[110/200] OK   (success=109, fail=1)
[111/200] OK   (success=110, fail=1)
[112/200] OK   (success=111, fail=1)
[113/200] OK   (success=112, fail=1)
[114/200] OK   (success=113, fail=1)
[115/200] OK   (success=114, fail=1)
[116/200] OK   (success=115, fail=1)
[117/200] OK   (success=116, fail=1)
[118/200] OK   (success=117, fail=1)
[119/200] OK   (success=118, fail=1)
[120/200] OK   (success=119, fail=1)
[121/200] OK   (success=120, fail=1)
[122/200] OK   (success=121, fail=1)
[123/200] OK   (success=122, fail=1)
[124/200] OK   (success=123, fail=1)
[125/200] OK   (success=124, fail=1)
[126/200] OK   (success=125, fail=1)
[127/200] OK   (success=126, fail=1)
[128/200] OK   (success=127, fail=1)
[129/200] OK   (success=128, fail=1)
[130/200] OK   (success=129, fail=1)
[131/200] OK   (success=130, fail=1)
[132/200] OK   (success=131, fail=1)
[133/200] OK   (success=132, fail=1)
[134/200] OK   (success=133, fail=1)
[135/200] OK   (success=134, fail=1)
[136/200] OK   (success=135, fail=1)
[137/200] OK   (success=136, fail=1)
[138/200] OK   (success=137, fail=1)
[139/200] OK   (success=138, fail=1)
[140/200] OK   (success=139, fail=1)
[141/200] OK   (success=140, fail=1)
[142/200] OK   (success=141, fail=1)
[143/200] OK   (success=142, fail=1)
[144/200] OK   (success=143, fail=1)
[145/200] OK   (success=144, fail=1)
[146/200] OK   (success=145, fail=1)
[147/200] OK   (success=146, fail=1)
[148/200] OK   (success=147, fail=1)
[149/200] OK   (success=148, fail=1)
[150/200] OK   (success=149, fail=1)
[151/200] OK   (success=150, fail=1)
[152/200] OK   (success=151, fail=1)
[153/200] OK   (success=152, fail=1)
[154/200] OK   (success=153, fail=1)
[155/200] OK   (success=154, fail=1)
[156/200] OK   (success=155, fail=1)
[157/200] OK   (success=156, fail=1)
[158/200] OK   (success=157, fail=1)
[159/200] OK   (success=158, fail=1)
[160/200] OK   (success=159, fail=1)
[161/200] OK   (success=160, fail=1)
[162/200] OK   (success=161, fail=1)
[163/200] OK   (success=162, fail=1)
[164/200] OK   (success=163, fail=1)
[165/200] OK   (success=164, fail=1)
[166/200] OK   (success=165, fail=1)
[167/200] OK   (success=166, fail=1)
[168/200] OK   (success=167, fail=1)
[169/200] OK   (success=168, fail=1)
[170/200] OK   (success=169, fail=1)
[171/200] OK   (success=170, fail=1)
[172/200] OK   (success=171, fail=1)
[173/200] OK   (success=172, fail=1)
[174/200] OK   (success=173, fail=1)
[175/200] OK   (success=174, fail=1)
[176/200] OK   (success=175, fail=1)
[177/200] OK   (success=176, fail=1)
[178/200] OK   (success=177, fail=1)
[179/200] OK   (success=178, fail=1)
[180/200] OK   (success=179, fail=1)
[181/200] OK   (success=180, fail=1)
[182/200] OK   (success=181, fail=1)
[183/200] OK   (success=182, fail=1)
[184/200] OK   (success=183, fail=1)
[185/200] OK   (success=184, fail=1)
[186/200] OK   (success=185, fail=1)
[187/200] OK   (success=186, fail=1)
[188/200] OK   (success=187, fail=1)
[189/200] OK   (success=188, fail=1)
[190/200] OK   (success=189, fail=1)
[191/200] OK   (success=190, fail=1)
[192/200] OK   (success=191, fail=1)
[193/200] OK   (success=192, fail=1)
[194/200] OK   (success=193, fail=1)
[195/200] OK   (success=194, fail=1)
[196/200] OK   (success=195, fail=1)
[197/200] OK   (success=196, fail=1)
[198/200] OK   (success=197, fail=1)
[199/200] OK   (success=198, fail=1)
[200/200] OK   (success=199, fail=1)

====================================================================
  Finished — Success: 199  Failed: 1
  Success rate: 99.5%
====================================================================
